{
  "version": "1.5.0",
  "plugins_used": [
    {
      "name": "ArtifactoryDetector"
    },
    {
      "name": "AWSKeyDetector"
    },
    {
      "name": "AzureStorageKeyDetector"
    },
    {
      "name": "Base64HighEntropyString",
      "limit": 4.5
    },
    {
      "name": "BasicAuthDetector"
    },
    {
      "name": "CloudantDetector"
    },
    {
      "name": "DiscordBotTokenDetector"
    },
    {
      "name": "GitHubTokenDetector"
    },
    {
      "name": "GitLabTokenDetector"
    },
    {
      "name": "HexHighEntropyString",
      "limit": 3.0
    },
    {
      "name": "IbmCloudIamDetector"
    },
    {
      "name": "IbmCosHmacDetector"
    },
    {
      "name": "IPPublicDetector"
    },
    {
      "name": "JwtTokenDetector"
    },
    {
      "name": "KeywordDetector",
      "keyword_exclude": ""
    },
    {
      "name": "MailchimpDetector"
    },
    {
      "name": "NpmDetector"
    },
    {
      "name": "OpenAIDetector"
    },
    {
      "name": "PrivateKeyDetector"
    },
    {
      "name": "PypiTokenDetector"
    },
    {
      "name": "SendGridDetector"
    },
    {
      "name": "SlackDetector"
    },
    {
      "name": "SoftlayerDetector"
    },
    {
      "name": "SquareOAuthDetector"
    },
    {
      "name": "StripeDetector"
    },
    {
      "name": "TelegramBotTokenDetector"
    },
    {
      "name": "TwilioKeyDetector"
    }
  ],
  "filters_used": [
    {
      "path": "detect_secrets.filters.allowlist.is_line_allowlisted"
    },
    {
      "path": "detect_secrets.filters.common.is_baseline_file",
      "filename": ".secrets.baseline"
    },
    {
      "path": "detect_secrets.filters.common.is_ignored_due_to_verification_policies",
      "min_level": 2
    },
    {
      "path": "detect_secrets.filters.heuristic.is_indirect_reference"
    },
    {
      "path": "detect_secrets.filters.heuristic.is_likely_id_string"
    },
    {
      "path": "detect_secrets.filters.heuristic.is_lock_file"
    },
    {
      "path": "detect_secrets.filters.heuristic.is_not_alphanumeric_string"
    },
    {
      "path": "detect_secrets.filters.heuristic.is_potential_uuid"
    },
    {
      "path": "detect_secrets.filters.heuristic.is_prefixed_with_dollar_sign"
    },
    {
      "path": "detect_secrets.filters.heuristic.is_sequential_string"
    },
    {
      "path": "detect_secrets.filters.heuristic.is_swagger_file"
    },
    {
      "path": "detect_secrets.filters.heuristic.is_templated_secret"
    }
  ],
  "results": {
    ".agents/skills/design/SKILL.md": [
      {
        "type": "Secret Keyword",
        "filename": ".agents/skills/design/SKILL.md",
        "hashed_secret": "6d9c68c603e465077bdd49c62347fe54717f83a3",
        "is_verified": false,
        "line_number": 304
      }
    ],
    ".agents/skills/design/references/cip-design.md": [
      {
        "type": "Secret Keyword",
        "filename": ".agents/skills/design/references/cip-design.md",
        "hashed_secret": "6d9c68c603e465077bdd49c62347fe54717f83a3",
        "is_verified": false,
        "line_number": 119
      }
    ],
    ".agents/skills/design/references/icon-design.md": [
      {
        "type": "Secret Keyword",
        "filename": ".agents/skills/design/references/icon-design.md",
        "hashed_secret": "6d9c68c603e465077bdd49c62347fe54717f83a3",
        "is_verified": false,
        "line_number": 120
      }
    ],
    ".agents/skills/design/references/logo-design.md": [
      {
        "type": "Secret Keyword",
        "filename": ".agents/skills/design/references/logo-design.md",
        "hashed_secret": "6d9c68c603e465077bdd49c62347fe54717f83a3",
        "is_verified": false,
        "line_number": 90
      }
    ],
    ".agents/skills/design/scripts/icon/generate.py": [
      {
        "type": "Secret Keyword",
        "filename": ".agents/skills/design/scripts/icon/generate.py",
        "hashed_secret": "6d9c68c603e465077bdd49c62347fe54717f83a3",
        "is_verified": false,
        "line_number": 195
      }
    ],
    ".agents/skills/design/scripts/logo/generate.py": [
      {
        "type": "Secret Keyword",
        "filename": ".agents/skills/design/scripts/logo/generate.py",
        "hashed_secret": "6d9c68c603e465077bdd49c62347fe54717f83a3",
        "is_verified": false,
        "line_number": 147
      }
    ],
    ".agents/skills/ui-ux-pro-max/data/catalog-summary.json": [
      {
        "type": "Hex High Entropy String",
        "filename": ".agents/skills/ui-ux-pro-max/data/catalog-summary.json",
        "hashed_secret": "3748b166dd4ebd8ad28d5b091e5a5c155bb6a25c",
        "is_verified": false,
        "line_number": 27
      },
      {
        "type": "Hex High Entropy String",
        "filename": ".agents/skills/ui-ux-pro-max/data/catalog-summary.json",
        "hashed_secret": "01df0807a2dbbf7cb53c9274747cb25b129de8ab",
        "is_verified": false,
        "line_number": 30
      },
      {
        "type": "Hex High Entropy String",
        "filename": ".agents/skills/ui-ux-pro-max/data/catalog-summary.json",
        "hashed_secret": "93725794f4995dfa065099c95dab831fc18826fb",
        "is_verified": false,
        "line_number": 33
      },
      {
        "type": "Hex High Entropy String",
        "filename": ".agents/skills/ui-ux-pro-max/data/catalog-summary.json",
        "hashed_secret": "daab7c662df57f67e15d7b0942993430372695a5",
        "is_verified": false,
        "line_number": 36
      }
    ],
    ".agents/skills/ui-ux-pro-max/data/google-font-licenses.json": [
      {
        "type": "Hex High Entropy String",
        "filename": ".agents/skills/ui-ux-pro-max/data/google-font-licenses.json",
        "hashed_secret": "5c66c23b18b7095394aa00a4a03ef82def0df7d1",
        "is_verified": false,
        "line_number": 6
      }
    ],
    ".agents/skills/ui-ux-pro-max/scripts/tests/fixtures/relevance-baseline.json": [
      {
        "type": "Hex High Entropy String",
        "filename": ".agents/skills/ui-ux-pro-max/scripts/tests/fixtures/relevance-baseline.json",
        "hashed_secret": "e58f454e980c589270c86252cec3991725536205",
        "is_verified": false,
        "line_number": 3279
      },
      {
        "type": "Hex High Entropy String",
        "filename": ".agents/skills/ui-ux-pro-max/scripts/tests/fixtures/relevance-baseline.json",
        "hashed_secret": "1987ec9a7820c9b4462aaa4382365b4573c6e0b7",
        "is_verified": false,
        "line_number": 3280
      }
    ],
    ".agents/skills/ui-ux-pro-max/scripts/tests/fixtures/relevance-thresholds.json": [
      {
        "type": "Hex High Entropy String",
        "filename": ".agents/skills/ui-ux-pro-max/scripts/tests/fixtures/relevance-thresholds.json",
        "hashed_secret": "1987ec9a7820c9b4462aaa4382365b4573c6e0b7",
        "is_verified": false,
        "line_number": 5
      },
      {
        "type": "Hex High Entropy String",
        "filename": ".agents/skills/ui-ux-pro-max/scripts/tests/fixtures/relevance-thresholds.json",
        "hashed_secret": "e58f454e980c589270c86252cec3991725536205",
        "is_verified": false,
        "line_number": 6
      }
    ],
    "Notebooks/customer_segment.ipynb": [
      {
        "type": "Base64 High Entropy String",
        "filename": "Notebooks/customer_segment.ipynb",
        "hashed_secret": "fae79ded413c00cc12c115454c6b075190b4dd34",
        "is_verified": false,
        "line_number": 163
      }
    ],
    "Notebooks/load_customer_info.ipynb": [
      {
        "type": "Secret Keyword",
        "filename": "Notebooks/load_customer_info.ipynb",
        "hashed_secret": "10865631a362a0a71c204e28b3a8a26b63ab8701",
        "is_verified": false,
        "line_number": 38
      }
    ],
    "Notebooks/sales_distribution.ipynb": [
      {
        "type": "Base64 High Entropy String",
        "filename": "Notebooks/sales_distribution.ipynb",
        "hashed_secret": "8e96dc9eda1251410936bda908ea6e0a7e4e0f60",
        "is_verified": false,
        "line_number": 125
      }
    ],
    "analytics_layer/package-lock.yml": [
      {
        "type": "Hex High Entropy String",
        "filename": "analytics_layer/package-lock.yml",
        "hashed_secret": "d9d235afa0f5a26c9e7d5905ca706887ea6667fd",
        "is_verified": false,
        "line_number": 11
      }
    ],
    "my-dash-app/assets/auth.bundle.js": [
      {
        "type": "Secret Keyword",
        "filename": "my-dash-app/assets/auth.bundle.js",
        "hashed_secret": "1615307cc4523f183e777df67f168c86908e8007",
        "is_verified": false,
        "line_number": 1
      },
      {
        "type": "Secret Keyword",
        "filename": "my-dash-app/assets/auth.bundle.js",
        "hashed_secret": "5baa61e4c9b93f3f0682250b6cf8331b7ee68fd8",
        "is_verified": true,
        "line_number": 1,
        "is_secret": false
      },
      {
        "type": "Base64 High Entropy String",
        "filename": "my-dash-app/assets/auth.bundle.js",
        "hashed_secret": "e582429052cdb908833560f6f7582d232de37c4d",
        "is_verified": false,
        "line_number": 1
      }
    ],
    "node_modules/.package-lock.json": [
      {
        "type": "Base64 High Entropy String",
        "filename": "node_modules/.package-lock.json",
        "hashed_secret": "a6b7a193f9685d14571c31a6a1b3add5e7887856",
        "is_verified": false,
        "line_number": 9
      },
      {
        "type": "Base64 High Entropy String",
        "filename": "node_modules/.package-lock.json",
        "hashed_secret": "b77bcf9cfa531e940fc298899d0080339a73c0cb",
        "is_verified": false,
        "line_number": 23
      },
      {
        "type": "Base64 High Entropy String",
        "filename": "node_modules/.package-lock.json",
        "hashed_secret": "e8cd0c3094835591836c8fa7935c7bbb6ee65add",
        "is_verified": false,
        "line_number": 43
      },
      {
        "type": "Base64 High Entropy String",
        "filename": "node_modules/.package-lock.json",
        "hashed_secret": "61dd02eaf9c90ea54d73e26217afccd18e1c7af1",
        "is_verified": false,
        "line_number": 67
      },
      {
        "type": "Base64 High Entropy String",
        "filename": "node_modules/.package-lock.json",
        "hashed_secret": "af969ffa1ace7a92c94e95f67c7a11b1094f3757",
        "is_verified": false,
        "line_number": 95
      },
      {
        "type": "Base64 High Entropy String",
        "filename": "node_modules/.package-lock.json",
        "hashed_secret": "196c34fa3c4c886415ff6da9263c5c5e6060cd42",
        "is_verified": false,
        "line_number": 118
      },
      {
        "type": "Base64 High Entropy String",
        "filename": "node_modules/.package-lock.json",
        "hashed_secret": "552658965b8efb6ebaf095b54636a6d54c8e4a6b",
        "is_verified": false,
        "line_number": 138
      },
      {
        "type": "Base64 High Entropy String",
        "filename": "node_modules/.package-lock.json",
        "hashed_secret": "4d8be540908d78f37d86b425df710151becca22f",
        "is_verified": false,
        "line_number": 155
      },
      {
        "type": "Base64 High Entropy String",
        "filename": "node_modules/.package-lock.json",
        "hashed_secret": "eb7c125177875a01d80691d76966fcad5125a0d5",
        "is_verified": false,
        "line_number": 167
      },
      {
        "type": "Base64 High Entropy String",
        "filename": "node_modules/.package-lock.json",
        "hashed_secret": "bccab62867be82ec23ba46dd544461c8f52c860a",
        "is_verified": false,
        "line_number": 179
      },
      {
        "type": "Base64 High Entropy String",
        "filename": "node_modules/.package-lock.json",
        "hashed_secret": "30d81f20d7d7707a9ad5c8eadaebf8cf4abbd0f0",
        "is_verified": false,
        "line_number": 185
      },
      {
        "type": "Base64 High Entropy String",
        "filename": "node_modules/.package-lock.json",
        "hashed_secret": "1c9705b4e4f6a361c37a371eef30c52f94384a5c",
        "is_verified": false,
        "line_number": 197
      },
      {
        "type": "Base64 High Entropy String",
        "filename": "node_modules/.package-lock.json",
        "hashed_secret": "a093e0a52747ec45f8feb197a288b93f59597998",
        "is_verified": false,
        "line_number": 212
      },
      {
        "type": "Base64 High Entropy String",
        "filename": "node_modules/.package-lock.json",
        "hashed_secret": "6687f0df8787052a88924baf45cca49c3cdd7b6a",
        "is_verified": false,
        "line_number": 225
      },
      {
        "type": "Base64 High Entropy String",
        "filename": "node_modules/.package-lock.json",
        "hashed_secret": "956f0711e2b04e9de8e5254d0cf694253854a2e9",
        "is_verified": false,
        "line_number": 241
      },
      {
        "type": "Base64 High Entropy String",
        "filename": "node_modules/.package-lock.json",
        "hashed_secret": "feaf1c1fc6308942652895bb878c7a3685620be3",
        "is_verified": false,
        "line_number": 250
      },
      {
        "type": "Base64 High Entropy String",
        "filename": "node_modules/.package-lock.json",
        "hashed_secret": "c4500f6ef6d71520147cb4cf42394ed23891d064",
        "is_verified": false,
        "line_number": 259
      },
      {
        "type": "Base64 High Entropy String",
        "filename": "node_modules/.package-lock.json",
        "hashed_secret": "54a43bbc3347478addf329caeb7193802e16ed40",
        "is_verified": false,
        "line_number": 269
      },
      {
        "type": "Base64 High Entropy String",
        "filename": "node_modules/.package-lock.json",
        "hashed_secret": "b2842d1820be756380aa1a279474505df803ec95",
        "is_verified": false,
        "line_number": 283
      },
      {
        "type": "Base64 High Entropy String",
        "filename": "node_modules/.package-lock.json",
        "hashed_secret": "d45062677e99f28b9a98f4b53e9af8f56b01bb10",
        "is_verified": false,
        "line_number": 297
      },
      {
        "type": "Base64 High Entropy String",
        "filename": "node_modules/.package-lock.json",
        "hashed_secret": "cf3e48f5af3fca6bb9135acdee135247bcae1307",
        "is_verified": false,
        "line_number": 315
      },
      {
        "type": "Base64 High Entropy String",
        "filename": "node_modules/.package-lock.json",
        "hashed_secret": "b32dc7581438839b3baa8cbb9dafcc80017588ea",
        "is_verified": false,
        "line_number": 322
      },
      {
        "type": "Base64 High Entropy String",
        "filename": "node_modules/.package-lock.json",
        "hashed_secret": "bf4a0e0cb4a648f94a1ceff84d8070ab01b0df0e",
        "is_verified": false,
        "line_number": 335
      },
      {
        "type": "Base64 High Entropy String",
        "filename": "node_modules/.package-lock.json",
        "hashed_secret": "1a4cedb8b43b758521f2b5fbfcbb78a5f9128ed0",
        "is_verified": false,
        "line_number": 377
      },
      {
        "type": "Base64 High Entropy String",
        "filename": "node_modules/.package-lock.json",
        "hashed_secret": "a85db4af9637720e23cce6f9da6605bef81c6d35",
        "is_verified": false,
        "line_number": 390
      },
      {
        "type": "Base64 High Entropy String",
        "filename": "node_modules/.package-lock.json",
        "hashed_secret": "5bcb233a4cf6e79f65a75aa15e06169c85eabfc4",
        "is_verified": false,
        "line_number": 404
      },
      {
        "type": "Base64 High Entropy String",
        "filename": "node_modules/.package-lock.json",
        "hashed_secret": "73dfd5bfdb5c7df48c82ccc03453f690a5254fb0",
        "is_verified": false,
        "line_number": 418
      },
      {
        "type": "Base64 High Entropy String",
        "filename": "node_modules/.package-lock.json",
        "hashed_secret": "9cfd1c9ff642dd3f9093c2e68fda7b9daba943ca",
        "is_verified": false,
        "line_number": 427
      },
      {
        "type": "Base64 High Entropy String",
        "filename": "node_modules/.package-lock.json",
        "hashed_secret": "e907e408e8ac716a2dc03c3a56283b57e5bb5c73",
        "is_verified": false,
        "line_number": 440
      },
      {
        "type": "Base64 High Entropy String",
        "filename": "node_modules/.package-lock.json",
        "hashed_secret": "bbe19cbdee81cbfbd8bcebc265ce854b5c138e5f",
        "is_verified": false,
        "line_number": 447
      },
      {
        "type": "Base64 High Entropy String",
        "filename": "node_modules/.package-lock.json",
        "hashed_secret": "87aff3c6c2e4719c7c068c625dc5c6bb833ab411",
        "is_verified": false,
        "line_number": 487
      },
      {
        "type": "Base64 High Entropy String",
        "filename": "node_modules/.package-lock.json",
        "hashed_secret": "805d9656080308c11cde7cb7f0310e12c7e60c48",
        "is_verified": false,
        "line_number": 494
      },
      {
        "type": "Base64 High Entropy String",
        "filename": "node_modules/.package-lock.json",
        "hashed_secret": "79e7b2ff8eebbb0a83ede2aaa94864da4c425141",
        "is_verified": false,
        "line_number": 501
      },
      {
        "type": "Base64 High Entropy String",
        "filename": "node_modules/.package-lock.json",
        "hashed_secret": "d25f38e564eeda6402f558b3ad020bd05220df32",
        "is_verified": false,
        "line_number": 508
      },
      {
        "type": "Base64 High Entropy String",
        "filename": "node_modules/.package-lock.json",
        "hashed_secret": "e5b68dc212c35983909130bf6b5106e3a462ecbc",
        "is_verified": false,
        "line_number": 521
      },
      {
        "type": "Base64 High Entropy String",
        "filename": "node_modules/.package-lock.json",
        "hashed_secret": "706884687450108cef742ef7b12010f29167a501",
        "is_verified": false,
        "line_number": 537
      },
      {
        "type": "Base64 High Entropy String",
        "filename": "node_modules/.package-lock.json",
        "hashed_secret": "b0925124a2e491cc228ae05e9815cbd602807c6b",
        "is_verified": false,
        "line_number": 547
      },
      {
        "type": "Base64 High Entropy String",
        "filename": "node_modules/.package-lock.json",
        "hashed_secret": "1508bbaf29927b5348d4df62823dab122a0d3b48",
        "is_verified": false,
        "line_number": 554
      },
      {
        "type": "Base64 High Entropy String",
        "filename": "node_modules/.package-lock.json",
        "hashed_secret": "6c8d2de91b8087bf6f18c9b505ec528e2bafb7c4",
        "is_verified": false,
        "line_number": 561
      },
      {
        "type": "Base64 High Entropy String",
        "filename": "node_modules/.package-lock.json",
        "hashed_secret": "eeacdd78906304066ade634711edfa3120b26515",
        "is_verified": false,
        "line_number": 574
      },
      {
        "type": "Base64 High Entropy String",
        "filename": "node_modules/.package-lock.json",
        "hashed_secret": "324c69013b2b1138531752b1a3b60d78b08c5d8d",
        "is_verified": false,
        "line_number": 581
      },
      {
        "type": "Base64 High Entropy String",
        "filename": "node_modules/.package-lock.json",
        "hashed_secret": "6cc5afba59c5bd26a4795e037f5b9d1ef6cb2ce7",
        "is_verified": false,
        "line_number": 594
      },
      {
        "type": "Base64 High Entropy String",
        "filename": "node_modules/.package-lock.json",
        "hashed_secret": "72e7ed15b07c6f0fb80160dbe9fd03688cbb7ea9",
        "is_verified": false,
        "line_number": 601
      },
      {
        "type": "Base64 High Entropy String",
        "filename": "node_modules/.package-lock.json",
        "hashed_secret": "47a2a2576064434ef2f063e1f0a5eec8f5cac3a4",
        "is_verified": false,
        "line_number": 614
      },
      {
        "type": "Base64 High Entropy String",
        "filename": "node_modules/.package-lock.json",
        "hashed_secret": "9bf200e3147a1d837839d6bf5b649716c1537cbb",
        "is_verified": false,
        "line_number": 627
      },
      {
        "type": "Base64 High Entropy String",
        "filename": "node_modules/.package-lock.json",
        "hashed_secret": "d24f46e6a9c285db5232f3f89fc907d877e9e982",
        "is_verified": false,
        "line_number": 633
      },
      {
        "type": "Base64 High Entropy String",
        "filename": "node_modules/.package-lock.json",
        "hashed_secret": "5c81cb3bbf077a30ebeea809bdba83483c8d5dd8",
        "is_verified": false,
        "line_number": 639
      },
      {
        "type": "Base64 High Entropy String",
        "filename": "node_modules/.package-lock.json",
        "hashed_secret": "e61969a88951f6908cebfd7860868ff6aa03ac5d",
        "is_verified": false,
        "line_number": 652
      },
      {
        "type": "Base64 High Entropy String",
        "filename": "node_modules/.package-lock.json",
        "hashed_secret": "63c5647d569cb91eae2e899230886e5d0f6142b8",
        "is_verified": false,
        "line_number": 662
      },
      {
        "type": "Base64 High Entropy String",
        "filename": "node_modules/.package-lock.json",
        "hashed_secret": "5b2f7f4e37d6b30d07f003ccad464736e7eca574",
        "is_verified": false,
        "line_number": 676
      },
      {
        "type": "Base64 High Entropy String",
        "filename": "node_modules/.package-lock.json",
        "hashed_secret": "a83323d73f45e76ce84e7f76ae13d71299152ba9",
        "is_verified": false,
        "line_number": 686
      },
      {
        "type": "Base64 High Entropy String",
        "filename": "node_modules/.package-lock.json",
        "hashed_secret": "c290516dad93802b9a477de62adfaaa92fd83e12",
        "is_verified": false,
        "line_number": 700
      },
      {
        "type": "Base64 High Entropy String",
        "filename": "node_modules/.package-lock.json",
        "hashed_secret": "60f62b99a14507fe2d275d65d1bc793565396724",
        "is_verified": false,
        "line_number": 721
      },
      {
        "type": "Base64 High Entropy String",
        "filename": "node_modules/.package-lock.json",
        "hashed_secret": "d534a8643166b53f9b72f567856071d026b7d454",
        "is_verified": false,
        "line_number": 731
      }
    ],
    "node_modules/@supabase/auth-js/src/GoTrueClient.ts": [
      {
        "type": "Secret Keyword",
        "filename": "node_modules/@supabase/auth-js/src/GoTrueClient.ts",
        "hashed_secret": "0074cbe4c73556a9463a4e849a193459c8590b56",
        "is_verified": false,
        "line_number": 294
      },
      {
        "type": "Secret Keyword",
        "filename": "node_modules/@supabase/auth-js/src/GoTrueClient.ts",
        "hashed_secret": "555da20df20d4172e00f1b73d7c3943802055270",
        "is_verified": false,
        "line_number": 625
      }
    ],
    "node_modules/@supabase/auth-js/src/lib/base64url.ts": [
      {
        "type": "Base64 High Entropy String",
        "filename": "node_modules/@supabase/auth-js/src/lib/base64url.ts",
        "hashed_secret": "e582429052cdb908833560f6f7582d232de37c4d",
        "is_verified": false,
        "line_number": 13
      }
    ],
    "node_modules/@supabase/auth-js/src/lib/fetch.ts": [
      {
        "type": "Secret Keyword",
        "filename": "node_modules/@supabase/auth-js/src/lib/fetch.ts",
        "hashed_secret": "1615307cc4523f183e777df67f168c86908e8007",
        "is_verified": false,
        "line_number": 77
      }
    ],
    "node_modules/@supabase/functions-js/src/FunctionsClient.ts": [
      {
        "type": "Secret Keyword",
        "filename": "node_modules/@supabase/functions-js/src/FunctionsClient.ts",
        "hashed_secret": "0074cbe4c73556a9463a4e849a193459c8590b56",
        "is_verified": false,
        "line_number": 29
      }
    ],
    "node_modules/@supabase/postgrest-js/src/PostgrestBuilder.ts": [
      {
        "type": "Secret Keyword",
        "filename": "node_modules/@supabase/postgrest-js/src/PostgrestBuilder.ts",
        "hashed_secret": "0074cbe4c73556a9463a4e849a193459c8590b56",
        "is_verified": false,
        "line_number": 41
      }
    ],
    "node_modules/@supabase/postgrest-js/src/PostgrestClient.ts": [
      {
        "type": "Secret Keyword",
        "filename": "node_modules/@supabase/postgrest-js/src/PostgrestClient.ts",
        "hashed_secret": "0074cbe4c73556a9463a4e849a193459c8590b56",
        "is_verified": false,
        "line_number": 59
      }
    ],
    "node_modules/@supabase/postgrest-js/src/PostgrestQueryBuilder.ts": [
      {
        "type": "Secret Keyword",
        "filename": "node_modules/@supabase/postgrest-js/src/PostgrestQueryBuilder.ts",
        "hashed_secret": "0074cbe4c73556a9463a4e849a193459c8590b56",
        "is_verified": false,
        "line_number": 34
      }
    ],
    "node_modules/@supabase/realtime-js/src/RealtimeChannel.ts": [
      {
        "type": "Secret Keyword",
        "filename": "node_modules/@supabase/realtime-js/src/RealtimeChannel.ts",
        "hashed_secret": "0074cbe4c73556a9463a4e849a193459c8590b56",
        "is_verified": false,
        "line_number": 220
      }
    ],
    "node_modules/@supabase/realtime-js/src/RealtimeClient.ts": [
      {
        "type": "Secret Keyword",
        "filename": "node_modules/@supabase/realtime-js/src/RealtimeClient.ts",
        "hashed_secret": "0074cbe4c73556a9463a4e849a193459c8590b56",
        "is_verified": false,
        "line_number": 208
      }
    ],
    "node_modules/@supabase/storage-js/README.md": [
      {
        "type": "Secret Keyword",
        "filename": "node_modules/@supabase/storage-js/README.md",
        "hashed_secret": "1e3667aaaaa887721550cf5cc8a0c5c5760810ed",
        "is_verified": false,
        "line_number": 366
      }
    ],
    "node_modules/@supabase/storage-js/src/StorageClient.ts": [
      {
        "type": "Secret Keyword",
        "filename": "node_modules/@supabase/storage-js/src/StorageClient.ts",
        "hashed_secret": "0074cbe4c73556a9463a4e849a193459c8590b56",
        "is_verified": false,
        "line_number": 21
      }
    ],
    "node_modules/@types/node/crypto.d.ts": [
      {
        "type": "Secret Keyword",
        "filename": "node_modules/@types/node/crypto.d.ts",
        "hashed_secret": "bb7f4c12a5a7287c1a80c12dbb6d1dbe877ddf5f",
        "is_verified": false,
        "line_number": 396
      },
      {
        "type": "Secret Keyword",
        "filename": "node_modules/@types/node/crypto.d.ts",
        "hashed_secret": "c4baf1bdf18f073485f2d19bb0bf096a17799931",
        "is_verified": false,
        "line_number": 696
      },
      {
        "type": "Hex High Entropy String",
        "filename": "node_modules/@types/node/crypto.d.ts",
        "hashed_secret": "0658bfe8c79e41bf665348467c98bb06ee37ec8a",
        "is_verified": false,
        "line_number": 964
      }
    ],
    "node_modules/@types/node/http.d.ts": [
      {
        "type": "Hex High Entropy String",
        "filename": "node_modules/@types/node/http.d.ts",
        "hashed_secret": "76bf9d6b63fae3a144a091047394129561d3ad22",
        "is_verified": false,
        "line_number": 715
      }
    ],
    "node_modules/@types/node/https.d.ts": [
      {
        "type": "Base64 High Entropy String",
        "filename": "node_modules/@types/node/https.d.ts",
        "hashed_secret": "7e3f4362d67c7ac7f04804573e72161c7ba4a76c",
        "is_verified": false,
        "line_number": 280
      },
      {
        "type": "Base64 High Entropy String",
        "filename": "node_modules/@types/node/https.d.ts",
        "hashed_secret": "355703785ceab653b7300914746f8cf2ca4fedb7",
        "is_verified": false,
        "line_number": 347
      },
      {
        "type": "Base64 High Entropy String",
        "filename": "node_modules/@types/node/https.d.ts",
        "hashed_secret": "cef32cb56314ed0482ca4adae449c601524dec21",
        "is_verified": false,
        "line_number": 347
      },
      {
        "type": "Base64 High Entropy String",
        "filename": "node_modules/@types/node/https.d.ts",
        "hashed_secret": "266203ae6fa238e6ee38dccb8107c4bd65671d5a",
        "is_verified": false,
        "line_number": 348
      },
      {
        "type": "Base64 High Entropy String",
        "filename": "node_modules/@types/node/https.d.ts",
        "hashed_secret": "334cbfbbd3dc70599cb7658986364847643d58a2",
        "is_verified": false,
        "line_number": 348
      },
      {
        "type": "Base64 High Entropy String",
        "filename": "node_modules/@types/node/https.d.ts",
        "hashed_secret": "781dc36af9a61812810dd161628a1bacca187fde",
        "is_verified": false,
        "line_number": 348
      },
      {
        "type": "Base64 High Entropy String",
        "filename": "node_modules/@types/node/https.d.ts",
        "hashed_secret": "5bd62e755cb0b2fcb341bbab9e6c15482eede705",
        "is_verified": false,
        "line_number": 349
      },
      {
        "type": "Base64 High Entropy String",
        "filename": "node_modules/@types/node/https.d.ts",
        "hashed_secret": "d591eb4e61658fd67e71fdf170759cc68d2483f0",
        "is_verified": false,
        "line_number": 349
      }
    ],
    "node_modules/@types/node/package.json": [
      {
        "type": "Hex High Entropy String",
        "filename": "node_modules/@types/node/package.json",
        "hashed_secret": "66d806c92e4f3214cbf2a6babaa3b1ab2da4e237",
        "is_verified": false,
        "line_number": 138
      }
    ],
    "node_modules/@types/ws/package.json": [
      {
        "type": "Hex High Entropy String",
        "filename": "node_modules/@types/ws/package.json",
        "hashed_secret": "6c300e4b02b9b3f7edbfd42fa615bca11fd104c8",
        "is_verified": false,
        "line_number": 70
      }
    ],
    "node_modules/data-urls/README.md": [
      {
        "type": "Base64 High Entropy String",
        "filename": "node_modules/data-urls/README.md",
        "hashed_secret": "9421ad3bb9abffa852c25dd5a5329ff24d2a7ff1",
        "is_verified": false,
        "line_number": 18
      }
    ],
    "node_modules/prettier/internal/experimental-cli.mjs": [
      {
        "type": "Base64 High Entropy String",
        "filename": "node_modules/prettier/internal/experimental-cli.mjs",
        "hashed_secret": "fd8201493aad9512bb25129219813806e68b2c51",
        "is_verified": false,
        "line_number": 11046
      }
    ],
    "node_modules/prettier/plugins/postcss.js": [
      {
        "type": "Base64 High Entropy String",
        "filename": "node_modules/prettier/plugins/postcss.js",
        "hashed_secret": "fd01517f059af4e882624f96d0ba9934dddd6e43",
        "is_verified": false,
        "line_number": 20
      }
    ],
    "node_modules/prettier/plugins/postcss.mjs": [
      {
        "type": "Base64 High Entropy String",
        "filename": "node_modules/prettier/plugins/postcss.mjs",
        "hashed_secret": "fd01517f059af4e882624f96d0ba9934dddd6e43",
        "is_verified": false,
        "line_number": 20
      }
    ],
    "node_modules/prettier/plugins/typescript.js": [
      {
        "type": "Base64 High Entropy String",
        "filename": "node_modules/prettier/plugins/typescript.js",
        "hashed_secret": "22b0a600a57c006e23d66715f22b40eaa126d798",
        "is_verified": false,
        "line_number": 11
      },
      {
        "type": "Base64 High Entropy String",
        "filename": "node_modules/prettier/plugins/typescript.js",
        "hashed_secret": "ace03230a8178b77da5e33ba3a4ae5bcb953fbdd",
        "is_verified": false,
        "line_number": 11
      },
      {
        "type": "Secret Keyword",
        "filename": "node_modules/prettier/plugins/typescript.js",
        "hashed_secret": "e80721793c24ae14edfca9b26ad406a9815cd3ff",
        "is_verified": false,
        "line_number": 17
      }
    ],
    "node_modules/prettier/plugins/typescript.mjs": [
      {
        "type": "Base64 High Entropy String",
        "filename": "node_modules/prettier/plugins/typescript.mjs",
        "hashed_secret": "22b0a600a57c006e23d66715f22b40eaa126d798",
        "is_verified": false,
        "line_number": 11
      },
      {
        "type": "Base64 High Entropy String",
        "filename": "node_modules/prettier/plugins/typescript.mjs",
        "hashed_secret": "ace03230a8178b77da5e33ba3a4ae5bcb953fbdd",
        "is_verified": false,
        "line_number": 11
      },
      {
        "type": "Secret Keyword",
        "filename": "node_modules/prettier/plugins/typescript.mjs",
        "hashed_secret": "e80721793c24ae14edfca9b26ad406a9815cd3ff",
        "is_verified": false,
        "line_number": 17
      }
    ],
    "node_modules/tldts-core/package.json": [
      {
        "type": "Hex High Entropy String",
        "filename": "node_modules/tldts-core/package.json",
        "hashed_secret": "1ea84c9afbdddab84a4289df900a2a4bf50da388",
        "is_verified": false,
        "line_number": 67
      }
    ],
    "node_modules/tldts/README.md": [
      {
        "type": "Basic Auth Credentials",
        "filename": "node_modules/tldts/README.md",
        "hashed_secret": "5baa61e4c9b93f3f0682250b6cf8331b7ee68fd8",
        "is_verified": false,
        "line_number": 204
      }
    ],
    "node_modules/tldts/package.json": [
      {
        "type": "Hex High Entropy String",
        "filename": "node_modules/tldts/package.json",
        "hashed_secret": "1ea84c9afbdddab84a4289df900a2a4bf50da388",
        "is_verified": false,
        "line_number": 90
      }
    ]
  },
  "generated_at": "2026-10-08T14:15:25Z"
}
